Failed to initialize ClickHouse client: Received ClickHouse exception, code: 194, server response: Code: 194. DB::Exception: default: Authentication failed: password is incorrect, or there is no user with such name

If you use ClickHouse Cloud, the password can be reset at https://clickhouse.cloud/
on the settings page for the corresponding service.

If you have installed ClickHouse and forgot password you can reset it in the configuration file.
The password for default user is typically located at /etc/clickhouse-server/users.d/default-password.xml
and deleting this file will reset the password.
See also /etc/clickhouse-server/users.xml on the server where ClickHouse is installed.

. (REQUIRED_PASSWORD) (for url http://localhost:8123). Falling back to mock data.
Starting End-to-End Test of Content Performance Signal Agent
Note: Using mock data (ClickHouse not required)

============================================================
Testing content analysis for: SHOW-001
============================================================
Traceback (most recent call last):
  File "D:\Hackathons\Agentic Cinema\test_end_to_end.py", line 82, in main
    success = test_content_analysis(content_id)
              ^^^^^^^^^^^^^^^^^^^^^^^^^^^^^^^^^
  File "D:\Hackathons\Agentic Cinema\test_end_to_end.py", line 32, in test_content_analysis
    print(f"\u2705 Analysis successful!")
  File "C:\Users\user\AppData\Local\Programs\Python\Python312\Lib\encodings\cp1252.py", line 19, in encode
    return codecs.charmap_encode(input,self.errors,encoding_table)[0]
           ^^^^^^^^^^^^^^^^^^^^^^^^^^^^^^^^^^^^^^^^^^^^^^^^^^^^^^^
UnicodeEncodeError: 'charmap' codec can't encode character '\u2705' in position 0: character maps to <undefined>

During handling of the above exception, another exception occurred:

Traceback (most recent call last):
  File "D:\Hackathons\Agentic Cinema\test_end_to_end.py", line 107, in <module>
    sys.exit(main())
             ^^^^^^
  File "D:\Hackathons\Agentic Cinema\test_end_to_end.py", line 85, in main
    print(f"\u274c Failed to analyze {content_id}: {e}")
  File "C:\Users\user\AppData\Local\Programs\Python\Python312\Lib\encodings\cp1252.py", line 19, in encode
    return codecs.charmap_encode(input,self.errors,encoding_table)[0]
           ^^^^^^^^^^^^^^^^^^^^^^^^^^^^^^^^^^^^^^^^^^^^^^^^^^^^^^^
UnicodeEncodeError: 'charmap' codec can't encode character '\u274c' in position 0: character maps to <undefined>
